months total=60 todo=60
[1/60] https://www.nbcsports.com/sitemap-201801.xml
  -> 1674 PFT article URLs
[2/60] https://www.nbcsports.com/sitemap-201802.xml
  -> 1159 PFT article URLs
[3/60] https://www.nbcsports.com/sitemap-201803.xml
  -> 1699 PFT article URLs
[4/60] https://www.nbcsports.com/sitemap-201804.xml
  -> 1444 PFT article URLs
[5/60] https://www.nbcsports.com/sitemap-201805.xml
  -> 1344 PFT article URLs
[6/60] https://www.nbcsports.com/sitemap-201806.xml
  -> 1071 PFT article URLs
[7/60] https://www.nbcsports.com/sitemap-201807.xml
  -> 1098 PFT article URLs
[8/60] https://www.nbcsports.com/sitemap-201808.xml
  -> 1731 PFT article URLs
[9/60] https://www.nbcsports.com/sitemap-201809.xml
  -> 1987 PFT article URLs
[10/60] https://www.nbcsports.com/sitemap-201810.xml
  -> 1999 PFT article URLs
[11/60] https://www.nbcsports.com/sitemap-201811.xml
  -> 1931 PFT article URLs
[12/60] https://www.nbcsports.com/sitemap-201812.xml
  -> 1998 PFT article URLs
[13/60] https://www.nbcsports.com/sitemap-201901.xml
  -> 1738 PFT article URLs
[14/60] https://www.nbcsports.com/sitemap-201902.xml
  -> 1198 PFT article URLs
[15/60] https://www.nbcsports.com/sitemap-201903.xml
  -> 1689 PFT article URLs
[16/60] https://www.nbcsports.com/sitemap-201904.xml
  -> 1650 PFT article URLs
[17/60] https://www.nbcsports.com/sitemap-201905.xml
  -> 1515 PFT article URLs
[18/60] https://www.nbcsports.com/sitemap-201906.xml
  -> 1104 PFT article URLs
[19/60] https://www.nbcsports.com/sitemap-201907.xml
  -> 1240 PFT article URLs
[20/60] https://www.nbcsports.com/sitemap-201908.xml
  -> 1871 PFT article URLs
[21/60] https://www.nbcsports.com/sitemap-201909.xml
  -> 1982 PFT article URLs
[22/60] https://www.nbcsports.com/sitemap-201910.xml
  -> 2026 PFT article URLs
[23/60] https://www.nbcsports.com/sitemap-201911.xml
  -> 1783 PFT article URLs
[24/60] https://www.nbcsports.com/sitemap-201912.xml
  -> 1945 PFT article URLs
[25/60] https://www.nbcsports.com/sitemap-202001.xml
  -> 1574 PFT article URLs
[26/60] https://www.nbcsports.com/sitemap-202002.xml
  -> 1126 PFT article URLs
[27/60] https://www.nbcsports.com/sitemap-202003.xml
  -> 1602 PFT article URLs
[28/60] https://www.nbcsports.com/sitemap-202004.xml
  -> 1400 PFT article URLs
[29/60] https://www.nbcsports.com/sitemap-202005.xml
  -> 1247 PFT article URLs
[30/60] https://www.nbcsports.com/sitemap-202006.xml
  -> 1140 PFT article URLs
[31/60] https://www.nbcsports.com/sitemap-202007.xml
  -> 1316 PFT article URLs
[32/60] https://www.nbcsports.com/sitemap-202008.xml
  -> 1683 PFT article URLs
[33/60] https://www.nbcsports.com/sitemap-202009.xml
  -> 2039 PFT article URLs
[34/60] https://www.nbcsports.com/sitemap-202010.xml
  -> 1935 PFT article URLs
[35/60] https://www.nbcsports.com/sitemap-202011.xml
  -> 1855 PFT article URLs
[36/60] https://www.nbcsports.com/sitemap-202012.xml
  -> 2187 PFT article URLs
[37/60] https://www.nbcsports.com/sitemap-202101.xml
  -> 1822 PFT article URLs
[38/60] https://www.nbcsports.com/sitemap-202102.xml
  -> 1086 PFT article URLs
[39/60] https://www.nbcsports.com/sitemap-202103.xml
  -> 1699 PFT article URLs
[40/60] https://www.nbcsports.com/sitemap-202104.xml
  -> 1232 PFT article URLs
[41/60] https://www.nbcsports.com/sitemap-202105.xml
  -> 1401 PFT article URLs
[42/60] https://www.nbcsports.com/sitemap-202106.xml
  -> 1186 PFT article URLs
[43/60] https://www.nbcsports.com/sitemap-202107.xml
  -> 1096 PFT article URLs
[44/60] https://www.nbcsports.com/sitemap-202108.xml
  -> 1756 PFT article URLs
[45/60] https://www.nbcsports.com/sitemap-202109.xml
  -> 1871 PFT article URLs
[46/60] https://www.nbcsports.com/sitemap-202110.xml
  -> 2003 PFT article URLs
[47/60] https://www.nbcsports.com/sitemap-202111.xml
  -> 1946 PFT article URLs
[48/60] https://www.nbcsports.com/sitemap-202112.xml
  -> 2044 PFT article URLs
[49/60] https://www.nbcsports.com/sitemap-202201.xml
  -> 1827 PFT article URLs
[50/60] https://www.nbcsports.com/sitemap-202202.xml
  -> 1126 PFT article URLs
[51/60] https://www.nbcsports.com/sitemap-202203.xml
  -> 1611 PFT article URLs
[52/60] https://www.nbcsports.com/sitemap-202204.xml
  -> 1204 PFT article URLs
[53/60] https://www.nbcsports.com/sitemap-202205.xml
  -> 1240 PFT article URLs
[54/60] https://www.nbcsports.com/sitemap-202206.xml
  -> 1001 PFT article URLs
[55/60] https://www.nbcsports.com/sitemap-202207.xml
  -> 1000 PFT article URLs
[56/60] https://www.nbcsports.com/sitemap-202208.xml
  -> 1670 PFT article URLs
[57/60] https://www.nbcsports.com/sitemap-202209.xml
  -> 1896 PFT article URLs
[58/60] https://www.nbcsports.com/sitemap-202210.xml
  -> 2093 PFT article URLs
[59/60] https://www.nbcsports.com/sitemap-202211.xml
  -> 1854 PFT article URLs
[60/60] https://www.nbcsports.com/sitemap-202212.xml
  -> 1890 PFT article URLs
done
total=95534 relevant=15291 (16.0%) in_scope_relevant=12794
per-month in-scope relevant:
  201808: 273
  201809: 375
  201810: 387
  201811: 361
  201812: 381
  201901: 138
  201908: 283
  201909: 418
  201910: 441
  201911: 394
  201912: 441
  202001: 179
  202008: 371
  202009: 493
  202010: 577
  202011: 618
  202012: 661
  202101: 275
  202108: 412
  202109: 536
  202110: 609
  202111: 595
  202112: 800
  202201: 331
  202208: 310
  202209: 513
  202210: 596
  202211: 475
  202212: 551
