loading rosters 2018...
  2018: 3142 rows
loading rosters 2019...
  2019: 3114 rows
loading rosters 2020...
  2020: 3068 rows
loading rosters 2021...
  2021: 2961 rows
loading rosters 2022...
  2022: 3134 rows
saved (15419, 36)
['season', 'team', 'position', 'depth_chart_position', 'jersey_number', 'status', 'full_name', 'first_name', 'last_name', 'birth_date', 'height', 'weight', 'college', 'gsis_id', 'espn_id', 'sportradar_id', 'yahoo_id', 'rotowire_id', 'pff_id', 'pfr_id', 'fantasy_data_id', 'sleeper_id', 'years_exp', 'headshot_url', 'ngs_position', 'week', 'game_type', 'status_description_abbr', 'football_name', 'esb_id', 'gsis_it_id', 'smart_id', 'entry_year', 'rookie_year', 'draft_club', 'draft_number']
loading schedules 2018-2022...
saved (1372, 46)
['week', 'weekday', 'gametime', 'away_team', 'home_team', 'overtime']
loading weekly rosters 2018...
  2018: 52238 rows, weeks [np.int32(1), np.int32(2), np.int32(3), np.int32(4), np.int32(5)]...[np.int32(19), np.int32(20), np.int32(21)]
loading weekly rosters 2019...
  2019: 51632 rows, weeks [np.int32(1), np.int32(2), np.int32(3), np.int32(4), np.int32(5)]...[np.int32(19), np.int32(20), np.int32(21)]
loading weekly rosters 2020...
  2020: 44130 rows, weeks [np.int32(1), np.int32(2), np.int32(3), np.int32(4), np.int32(5)]...[np.int32(19), np.int32(20), np.int32(21)]
loading weekly rosters 2021...
  2021: 46696 rows, weeks [np.int32(1), np.int32(2), np.int32(3), np.int32(4), np.int32(5)]...[np.int32(20), np.int32(21), np.int32(22)]
loading weekly rosters 2022...
  2022: 46163 rows, weeks [np.int32(1), np.int32(2), np.int32(3), np.int32(4), np.int32(5)]...[np.int32(20), np.int32(21), np.int32(22)]
saved (240859, 36)
['season', 'team', 'position', 'depth_chart_position', 'jersey_number', 'status', 'full_name', 'first_name', 'last_name', 'birth_date', 'height', 'weight', 'college', 'gsis_id', 'espn_id']
